2025-04-29 16:20:38,973 INFO: Folder 'C:\AI\kue\Dataset_workshop\bengkel\Cek' dibuat.
2025-04-29 16:20:38,975 WARNING: Gambar kurang dari 100! Menampilkan semua yang ada.
2025-04-29 16:20:38,976 INFO: Menampilkan 354 gambar untuk pengecekan.
2025-04-29 16:20:39,117 INFO: Gambar kue (353)_aug_1_checked.jpg telah dicek dan disimpan di C:\AI\kue\Dataset_workshop\bengkel\Cek
2025-04-29 16:20:39,143 INFO: Gambar kue (353)_aug_2_checked.jpg telah dicek dan disimpan di C:\AI\kue\Dataset_workshop\bengkel\Cek
2025-04-29 16:20:39,373 INFO: Gambar kue (353)_aug_3_checked.jpg telah dicek dan disimpan di C:\AI\kue\Dataset_workshop\bengkel\Cek
2025-04-29 16:20:39,401 INFO: Gambar kue (353)_aug_4_checked.jpg telah dicek dan disimpan di C:\AI\kue\Dataset_workshop\bengkel\Cek
2025-04-29 16:20:39,422 INFO: Gambar kue (353)_aug_5_checked.jpg telah dicek dan disimpan di C:\AI\kue\Dataset_workshop\bengkel\Cek
2025-04-29 16:20:39,460 INFO: Gambar kue (353)_ori_checked.jpg telah dicek dan disimpan di C:\AI\kue\Dataset_workshop\bengkel\Cek
2025-04-29 16:20:39,493 INFO: Gambar kue (354)_aug_1_checked.jpg telah dicek dan disimpan di C:\AI\kue\Dataset_workshop\bengkel\Cek
2025-04-29 16:20:39,520 INFO: Gambar kue (354)_aug_2_checked.jpg telah dicek dan disimpan di C:\AI\kue\Dataset_workshop\bengkel\Cek
2025-04-29 16:20:39,546 INFO: Gambar kue (354)_aug_3_checked.jpg telah dicek dan disimpan di C:\AI\kue\Dataset_workshop\bengkel\Cek
2025-04-29 16:20:39,580 INFO: Gambar kue (354)_aug_4_checked.jpg telah dicek dan disimpan di C:\AI\kue\Dataset_workshop\bengkel\Cek
2025-04-29 16:20:39,604 INFO: Gambar kue (354)_aug_5_checked.jpg telah dicek dan disimpan di C:\AI\kue\Dataset_workshop\bengkel\Cek
2025-04-29 16:20:39,641 INFO: Gambar kue (354)_ori_checked.jpg telah dicek dan disimpan di C:\AI\kue\Dataset_workshop\bengkel\Cek
2025-04-29 16:20:39,667 INFO: Gambar kue (355)_aug_1_checked.jpg telah dicek dan disimpan di C:\AI\kue\Dataset_workshop\bengkel\Cek
2025-04-29 16:20:39,713 INFO: Gambar kue (355)_aug_2_checked.jpg telah dicek dan disimpan di C:\AI\kue\Dataset_workshop\bengkel\Cek
2025-04-29 16:20:39,744 INFO: Gambar kue (355)_aug_3_checked.jpg telah dicek dan disimpan di C:\AI\kue\Dataset_workshop\bengkel\Cek
2025-04-29 16:20:39,765 INFO: Gambar kue (355)_aug_4_checked.jpg telah dicek dan disimpan di C:\AI\kue\Dataset_workshop\bengkel\Cek
2025-04-29 16:20:39,863 INFO: Gambar kue (355)_aug_5_checked.jpg telah dicek dan disimpan di C:\AI\kue\Dataset_workshop\bengkel\Cek
2025-04-29 16:20:39,905 INFO: Gambar kue (355)_ori_checked.jpg telah dicek dan disimpan di C:\AI\kue\Dataset_workshop\bengkel\Cek
2025-04-29 16:20:39,929 INFO: Gambar kue (356)_aug_1_checked.jpg telah dicek dan disimpan di C:\AI\kue\Dataset_workshop\bengkel\Cek
2025-04-29 16:20:39,952 INFO: Gambar kue (356)_aug_2_checked.jpg telah dicek dan disimpan di C:\AI\kue\Dataset_workshop\bengkel\Cek
2025-04-29 16:20:39,989 INFO: Gambar kue (356)_aug_3_checked.jpg telah dicek dan disimpan di C:\AI\kue\Dataset_workshop\bengkel\Cek
2025-04-29 16:20:40,025 INFO: Gambar kue (356)_aug_4_checked.jpg telah dicek dan disimpan di C:\AI\kue\Dataset_workshop\bengkel\Cek
2025-04-29 16:20:40,057 INFO: Gambar kue (356)_aug_5_checked.jpg telah dicek dan disimpan di C:\AI\kue\Dataset_workshop\bengkel\Cek
2025-04-29 16:20:40,095 INFO: Gambar kue (356)_ori_checked.jpg telah dicek dan disimpan di C:\AI\kue\Dataset_workshop\bengkel\Cek
2025-04-29 16:20:40,133 INFO: Gambar kue (357)_aug_1_checked.jpg telah dicek dan disimpan di C:\AI\kue\Dataset_workshop\bengkel\Cek
2025-04-29 16:20:40,163 INFO: Gambar kue (357)_aug_2_checked.jpg telah dicek dan disimpan di C:\AI\kue\Dataset_workshop\bengkel\Cek
2025-04-29 16:20:40,202 INFO: Gambar kue (357)_aug_3_checked.jpg telah dicek dan disimpan di C:\AI\kue\Dataset_workshop\bengkel\Cek
2025-04-29 16:20:40,236 INFO: Gambar kue (357)_aug_4_checked.jpg telah dicek dan disimpan di C:\AI\kue\Dataset_workshop\bengkel\Cek
2025-04-29 16:20:40,260 INFO: Gambar kue (357)_aug_5_checked.jpg telah dicek dan disimpan di C:\AI\kue\Dataset_workshop\bengkel\Cek
2025-04-29 16:20:40,292 INFO: Gambar kue (357)_ori_checked.jpg telah dicek dan disimpan di C:\AI\kue\Dataset_workshop\bengkel\Cek
2025-04-29 16:20:40,317 INFO: Gambar kue (358)_aug_1_checked.jpg telah dicek dan disimpan di C:\AI\kue\Dataset_workshop\bengkel\Cek
2025-04-29 16:20:40,345 INFO: Gambar kue (358)_aug_2_checked.jpg telah dicek dan disimpan di C:\AI\kue\Dataset_workshop\bengkel\Cek
2025-04-29 16:20:40,369 INFO: Gambar kue (358)_aug_3_checked.jpg telah dicek dan disimpan di C:\AI\kue\Dataset_workshop\bengkel\Cek
2025-04-29 16:20:40,392 INFO: Gambar kue (358)_aug_4_checked.jpg telah dicek dan disimpan di C:\AI\kue\Dataset_workshop\bengkel\Cek
2025-04-29 16:20:40,416 INFO: Gambar kue (358)_aug_5_checked.jpg telah dicek dan disimpan di C:\AI\kue\Dataset_workshop\bengkel\Cek
2025-04-29 16:20:40,453 INFO: Gambar kue (358)_ori_checked.jpg telah dicek dan disimpan di C:\AI\kue\Dataset_workshop\bengkel\Cek
2025-04-29 16:20:40,481 INFO: Gambar kue (359)_aug_1_checked.jpg telah dicek dan disimpan di C:\AI\kue\Dataset_workshop\bengkel\Cek
2025-04-29 16:20:40,510 INFO: Gambar kue (359)_aug_2_checked.jpg telah dicek dan disimpan di C:\AI\kue\Dataset_workshop\bengkel\Cek
2025-04-29 16:20:40,533 INFO: Gambar kue (359)_aug_3_checked.jpg telah dicek dan disimpan di C:\AI\kue\Dataset_workshop\bengkel\Cek
2025-04-29 16:20:40,564 INFO: Gambar kue (359)_aug_4_checked.jpg telah dicek dan disimpan di C:\AI\kue\Dataset_workshop\bengkel\Cek
2025-04-29 16:20:40,588 INFO: Gambar kue (359)_aug_5_checked.jpg telah dicek dan disimpan di C:\AI\kue\Dataset_workshop\bengkel\Cek
2025-04-29 16:20:40,618 INFO: Gambar kue (359)_ori_checked.jpg telah dicek dan disimpan di C:\AI\kue\Dataset_workshop\bengkel\Cek
2025-04-29 16:20:40,647 INFO: Gambar kue (360)_aug_1_checked.jpg telah dicek dan disimpan di C:\AI\kue\Dataset_workshop\bengkel\Cek
2025-04-29 16:20:40,672 INFO: Gambar kue (360)_aug_2_checked.jpg telah dicek dan disimpan di C:\AI\kue\Dataset_workshop\bengkel\Cek
2025-04-29 16:20:40,707 INFO: Gambar kue (360)_aug_3_checked.jpg telah dicek dan disimpan di C:\AI\kue\Dataset_workshop\bengkel\Cek
2025-04-29 16:20:40,738 INFO: Gambar kue (360)_aug_4_checked.jpg telah dicek dan disimpan di C:\AI\kue\Dataset_workshop\bengkel\Cek
2025-04-29 16:20:40,768 INFO: Gambar kue (360)_aug_5_checked.jpg telah dicek dan disimpan di C:\AI\kue\Dataset_workshop\bengkel\Cek
2025-04-29 16:20:40,808 INFO: Gambar kue (360)_ori_checked.jpg telah dicek dan disimpan di C:\AI\kue\Dataset_workshop\bengkel\Cek
2025-04-29 16:20:40,836 INFO: Gambar kue (361)_aug_1_checked.jpg telah dicek dan disimpan di C:\AI\kue\Dataset_workshop\bengkel\Cek
2025-04-29 16:20:40,863 INFO: Gambar kue (361)_aug_2_checked.jpg telah dicek dan disimpan di C:\AI\kue\Dataset_workshop\bengkel\Cek
2025-04-29 16:20:40,886 INFO: Gambar kue (361)_aug_3_checked.jpg telah dicek dan disimpan di C:\AI\kue\Dataset_workshop\bengkel\Cek
2025-04-29 16:20:40,905 INFO: Gambar kue (361)_aug_4_checked.jpg telah dicek dan disimpan di C:\AI\kue\Dataset_workshop\bengkel\Cek
2025-04-29 16:20:40,928 INFO: Gambar kue (361)_aug_5_checked.jpg telah dicek dan disimpan di C:\AI\kue\Dataset_workshop\bengkel\Cek
2025-04-29 16:20:40,960 INFO: Gambar kue (361)_ori_checked.jpg telah dicek dan disimpan di C:\AI\kue\Dataset_workshop\bengkel\Cek
2025-04-29 16:20:40,986 INFO: Gambar kue (362)_aug_1_checked.jpg telah dicek dan disimpan di C:\AI\kue\Dataset_workshop\bengkel\Cek
2025-04-29 16:20:41,010 INFO: Gambar kue (362)_aug_2_checked.jpg telah dicek dan disimpan di C:\AI\kue\Dataset_workshop\bengkel\Cek
2025-04-29 16:20:41,035 INFO: Gambar kue (362)_aug_3_checked.jpg telah dicek dan disimpan di C:\AI\kue\Dataset_workshop\bengkel\Cek
2025-04-29 16:20:41,061 INFO: Gambar kue (362)_aug_4_checked.jpg telah dicek dan disimpan di C:\AI\kue\Dataset_workshop\bengkel\Cek
2025-04-29 16:20:41,086 INFO: Gambar kue (362)_aug_5_checked.jpg telah dicek dan disimpan di C:\AI\kue\Dataset_workshop\bengkel\Cek
2025-04-29 16:20:41,121 INFO: Gambar kue (362)_ori_checked.jpg telah dicek dan disimpan di C:\AI\kue\Dataset_workshop\bengkel\Cek
2025-04-29 16:20:41,150 INFO: Gambar kue (363)_aug_1_checked.jpg telah dicek dan disimpan di C:\AI\kue\Dataset_workshop\bengkel\Cek
2025-04-29 16:20:41,180 INFO: Gambar kue (363)_aug_2_checked.jpg telah dicek dan disimpan di C:\AI\kue\Dataset_workshop\bengkel\Cek
2025-04-29 16:20:41,205 INFO: Gambar kue (363)_aug_3_checked.jpg telah dicek dan disimpan di C:\AI\kue\Dataset_workshop\bengkel\Cek
2025-04-29 16:20:41,227 INFO: Gambar kue (363)_aug_4_checked.jpg telah dicek dan disimpan di C:\AI\kue\Dataset_workshop\bengkel\Cek
2025-04-29 16:20:41,257 INFO: Gambar kue (363)_aug_5_checked.jpg telah dicek dan disimpan di C:\AI\kue\Dataset_workshop\bengkel\Cek
2025-04-29 16:20:41,294 INFO: Gambar kue (363)_ori_checked.jpg telah dicek dan disimpan di C:\AI\kue\Dataset_workshop\bengkel\Cek
2025-04-29 16:20:41,321 INFO: Gambar kue (364)_aug_1_checked.jpg telah dicek dan disimpan di C:\AI\kue\Dataset_workshop\bengkel\Cek
2025-04-29 16:20:41,352 INFO: Gambar kue (364)_aug_2_checked.jpg telah dicek dan disimpan di C:\AI\kue\Dataset_workshop\bengkel\Cek
2025-04-29 16:20:41,387 INFO: Gambar kue (364)_aug_3_checked.jpg telah dicek dan disimpan di C:\AI\kue\Dataset_workshop\bengkel\Cek
2025-04-29 16:20:41,415 INFO: Gambar kue (364)_aug_4_checked.jpg telah dicek dan disimpan di C:\AI\kue\Dataset_workshop\bengkel\Cek
2025-04-29 16:20:41,443 INFO: Gambar kue (364)_aug_5_checked.jpg telah dicek dan disimpan di C:\AI\kue\Dataset_workshop\bengkel\Cek
2025-04-29 16:20:41,478 INFO: Gambar kue (364)_ori_checked.jpg telah dicek dan disimpan di C:\AI\kue\Dataset_workshop\bengkel\Cek
2025-04-29 16:20:41,505 INFO: Gambar kue (365)_aug_1_checked.jpg telah dicek dan disimpan di C:\AI\kue\Dataset_workshop\bengkel\Cek
2025-04-29 16:20:41,530 INFO: Gambar kue (365)_aug_2_checked.jpg telah dicek dan disimpan di C:\AI\kue\Dataset_workshop\bengkel\Cek
2025-04-29 16:20:41,555 INFO: Gambar kue (365)_aug_3_checked.jpg telah dicek dan disimpan di C:\AI\kue\Dataset_workshop\bengkel\Cek
2025-04-29 16:20:41,580 INFO: Gambar kue (365)_aug_4_checked.jpg telah dicek dan disimpan di C:\AI\kue\Dataset_workshop\bengkel\Cek
2025-04-29 16:20:41,609 INFO: Gambar kue (365)_aug_5_checked.jpg telah dicek dan disimpan di C:\AI\kue\Dataset_workshop\bengkel\Cek
2025-04-29 16:20:41,650 INFO: Gambar kue (365)_ori_checked.jpg telah dicek dan disimpan di C:\AI\kue\Dataset_workshop\bengkel\Cek
2025-04-29 16:20:41,676 INFO: Gambar kue (366)_aug_1_checked.jpg telah dicek dan disimpan di C:\AI\kue\Dataset_workshop\bengkel\Cek
2025-04-29 16:20:41,702 INFO: Gambar kue (366)_aug_2_checked.jpg telah dicek dan disimpan di C:\AI\kue\Dataset_workshop\bengkel\Cek
2025-04-29 16:20:41,739 INFO: Gambar kue (366)_aug_3_checked.jpg telah dicek dan disimpan di C:\AI\kue\Dataset_workshop\bengkel\Cek
2025-04-29 16:20:41,769 INFO: Gambar kue (366)_aug_4_checked.jpg telah dicek dan disimpan di C:\AI\kue\Dataset_workshop\bengkel\Cek
2025-04-29 16:20:41,800 INFO: Gambar kue (366)_aug_5_checked.jpg telah dicek dan disimpan di C:\AI\kue\Dataset_workshop\bengkel\Cek
2025-04-29 16:20:41,839 INFO: Gambar kue (366)_ori_checked.jpg telah dicek dan disimpan di C:\AI\kue\Dataset_workshop\bengkel\Cek
2025-04-29 16:20:41,874 INFO: Gambar kue (367)_aug_1_checked.jpg telah dicek dan disimpan di C:\AI\kue\Dataset_workshop\bengkel\Cek
2025-04-29 16:20:41,902 INFO: Gambar kue (367)_aug_2_checked.jpg telah dicek dan disimpan di C:\AI\kue\Dataset_workshop\bengkel\Cek
2025-04-29 16:20:41,922 INFO: Gambar kue (367)_aug_3_checked.jpg telah dicek dan disimpan di C:\AI\kue\Dataset_workshop\bengkel\Cek
2025-04-29 16:20:41,952 INFO: Gambar kue (367)_aug_4_checked.jpg telah dicek dan disimpan di C:\AI\kue\Dataset_workshop\bengkel\Cek
2025-04-29 16:20:41,975 INFO: Gambar kue (367)_aug_5_checked.jpg telah dicek dan disimpan di C:\AI\kue\Dataset_workshop\bengkel\Cek
2025-04-29 16:20:42,013 INFO: Gambar kue (367)_ori_checked.jpg telah dicek dan disimpan di C:\AI\kue\Dataset_workshop\bengkel\Cek
2025-04-29 16:20:42,041 INFO: Gambar kue (368)_aug_1_checked.jpg telah dicek dan disimpan di C:\AI\kue\Dataset_workshop\bengkel\Cek
2025-04-29 16:20:42,077 INFO: Gambar kue (368)_aug_2_checked.jpg telah dicek dan disimpan di C:\AI\kue\Dataset_workshop\bengkel\Cek
2025-04-29 16:20:42,103 INFO: Gambar kue (368)_aug_3_checked.jpg telah dicek dan disimpan di C:\AI\kue\Dataset_workshop\bengkel\Cek
2025-04-29 16:20:42,127 INFO: Gambar kue (368)_aug_4_checked.jpg telah dicek dan disimpan di C:\AI\kue\Dataset_workshop\bengkel\Cek
2025-04-29 16:20:42,154 INFO: Gambar kue (368)_aug_5_checked.jpg telah dicek dan disimpan di C:\AI\kue\Dataset_workshop\bengkel\Cek
2025-04-29 16:20:42,191 INFO: Gambar kue (368)_ori_checked.jpg telah dicek dan disimpan di C:\AI\kue\Dataset_workshop\bengkel\Cek
2025-04-29 16:20:42,226 INFO: Gambar kue (369)_aug_1_checked.jpg telah dicek dan disimpan di C:\AI\kue\Dataset_workshop\bengkel\Cek
2025-04-29 16:20:42,254 INFO: Gambar kue (369)_aug_2_checked.jpg telah dicek dan disimpan di C:\AI\kue\Dataset_workshop\bengkel\Cek
2025-04-29 16:20:42,287 INFO: Gambar kue (369)_aug_3_checked.jpg telah dicek dan disimpan di C:\AI\kue\Dataset_workshop\bengkel\Cek
2025-04-29 16:20:42,308 INFO: Gambar kue (369)_aug_4_checked.jpg telah dicek dan disimpan di C:\AI\kue\Dataset_workshop\bengkel\Cek
2025-04-29 16:20:42,338 INFO: Gambar kue (369)_aug_5_checked.jpg telah dicek dan disimpan di C:\AI\kue\Dataset_workshop\bengkel\Cek
2025-04-29 16:20:42,373 INFO: Gambar kue (369)_ori_checked.jpg telah dicek dan disimpan di C:\AI\kue\Dataset_workshop\bengkel\Cek
2025-04-29 16:20:42,396 INFO: Gambar kue (370)_aug_1_checked.jpg telah dicek dan disimpan di C:\AI\kue\Dataset_workshop\bengkel\Cek
2025-04-29 16:20:42,422 INFO: Gambar kue (370)_aug_2_checked.jpg telah dicek dan disimpan di C:\AI\kue\Dataset_workshop\bengkel\Cek
2025-04-29 16:20:42,443 INFO: Gambar kue (370)_aug_3_checked.jpg telah dicek dan disimpan di C:\AI\kue\Dataset_workshop\bengkel\Cek
2025-04-29 16:20:42,463 INFO: Gambar kue (370)_aug_4_checked.jpg telah dicek dan disimpan di C:\AI\kue\Dataset_workshop\bengkel\Cek
2025-04-29 16:20:42,484 INFO: Gambar kue (370)_aug_5_checked.jpg telah dicek dan disimpan di C:\AI\kue\Dataset_workshop\bengkel\Cek
2025-04-29 16:20:42,522 INFO: Gambar kue (370)_ori_checked.jpg telah dicek dan disimpan di C:\AI\kue\Dataset_workshop\bengkel\Cek
2025-04-29 16:20:42,554 INFO: Gambar kue (371)_aug_1_checked.jpg telah dicek dan disimpan di C:\AI\kue\Dataset_workshop\bengkel\Cek
2025-04-29 16:20:42,585 INFO: Gambar kue (371)_aug_2_checked.jpg telah dicek dan disimpan di C:\AI\kue\Dataset_workshop\bengkel\Cek
2025-04-29 16:20:42,610 INFO: Gambar kue (371)_aug_3_checked.jpg telah dicek dan disimpan di C:\AI\kue\Dataset_workshop\bengkel\Cek
2025-04-29 16:20:42,632 INFO: Gambar kue (371)_aug_4_checked.jpg telah dicek dan disimpan di C:\AI\kue\Dataset_workshop\bengkel\Cek
2025-04-29 16:20:42,661 INFO: Gambar kue (371)_aug_5_checked.jpg telah dicek dan disimpan di C:\AI\kue\Dataset_workshop\bengkel\Cek
2025-04-29 16:20:42,702 INFO: Gambar kue (371)_ori_checked.jpg telah dicek dan disimpan di C:\AI\kue\Dataset_workshop\bengkel\Cek
2025-04-29 16:20:42,739 INFO: Gambar kue (372)_aug_1_checked.jpg telah dicek dan disimpan di C:\AI\kue\Dataset_workshop\bengkel\Cek
2025-04-29 16:20:42,777 INFO: Gambar kue (372)_aug_2_checked.jpg telah dicek dan disimpan di C:\AI\kue\Dataset_workshop\bengkel\Cek
2025-04-29 16:20:42,799 INFO: Gambar kue (372)_aug_3_checked.jpg telah dicek dan disimpan di C:\AI\kue\Dataset_workshop\bengkel\Cek
2025-04-29 16:20:42,823 INFO: Gambar kue (372)_aug_4_checked.jpg telah dicek dan disimpan di C:\AI\kue\Dataset_workshop\bengkel\Cek
2025-04-29 16:20:42,848 INFO: Gambar kue (372)_aug_5_checked.jpg telah dicek dan disimpan di C:\AI\kue\Dataset_workshop\bengkel\Cek
2025-04-29 16:20:42,885 INFO: Gambar kue (372)_ori_checked.jpg telah dicek dan disimpan di C:\AI\kue\Dataset_workshop\bengkel\Cek
2025-04-29 16:20:42,918 INFO: Gambar kue (373)_aug_1_checked.jpg telah dicek dan disimpan di C:\AI\kue\Dataset_workshop\bengkel\Cek
2025-04-29 16:20:42,951 INFO: Gambar kue (373)_aug_2_checked.jpg telah dicek dan disimpan di C:\AI\kue\Dataset_workshop\bengkel\Cek
2025-04-29 16:20:42,974 INFO: Gambar kue (373)_aug_3_checked.jpg telah dicek dan disimpan di C:\AI\kue\Dataset_workshop\bengkel\Cek
2025-04-29 16:20:43,009 INFO: Gambar kue (373)_aug_4_checked.jpg telah dicek dan disimpan di C:\AI\kue\Dataset_workshop\bengkel\Cek
2025-04-29 16:20:43,039 INFO: Gambar kue (373)_aug_5_checked.jpg telah dicek dan disimpan di C:\AI\kue\Dataset_workshop\bengkel\Cek
2025-04-29 16:20:43,071 INFO: Gambar kue (373)_ori_checked.jpg telah dicek dan disimpan di C:\AI\kue\Dataset_workshop\bengkel\Cek
2025-04-29 16:20:43,092 INFO: Gambar kue (374)_aug_1_checked.jpg telah dicek dan disimpan di C:\AI\kue\Dataset_workshop\bengkel\Cek
2025-04-29 16:20:43,113 INFO: Gambar kue (374)_aug_2_checked.jpg telah dicek dan disimpan di C:\AI\kue\Dataset_workshop\bengkel\Cek
2025-04-29 16:20:43,142 INFO: Gambar kue (374)_aug_3_checked.jpg telah dicek dan disimpan di C:\AI\kue\Dataset_workshop\bengkel\Cek
2025-04-29 16:20:43,168 INFO: Gambar kue (374)_aug_4_checked.jpg telah dicek dan disimpan di C:\AI\kue\Dataset_workshop\bengkel\Cek
2025-04-29 16:20:43,195 INFO: Gambar kue (374)_aug_5_checked.jpg telah dicek dan disimpan di C:\AI\kue\Dataset_workshop\bengkel\Cek
2025-04-29 16:20:43,237 INFO: Gambar kue (374)_ori_checked.jpg telah dicek dan disimpan di C:\AI\kue\Dataset_workshop\bengkel\Cek
2025-04-29 16:20:43,259 INFO: Gambar kue (375)_aug_1_checked.jpg telah dicek dan disimpan di C:\AI\kue\Dataset_workshop\bengkel\Cek
2025-04-29 16:20:43,280 INFO: Gambar kue (375)_aug_2_checked.jpg telah dicek dan disimpan di C:\AI\kue\Dataset_workshop\bengkel\Cek
2025-04-29 16:20:43,307 INFO: Gambar kue (375)_aug_3_checked.jpg telah dicek dan disimpan di C:\AI\kue\Dataset_workshop\bengkel\Cek
2025-04-29 16:20:43,337 INFO: Gambar kue (375)_aug_4_checked.jpg telah dicek dan disimpan di C:\AI\kue\Dataset_workshop\bengkel\Cek
2025-04-29 16:20:43,362 INFO: Gambar kue (375)_aug_5_checked.jpg telah dicek dan disimpan di C:\AI\kue\Dataset_workshop\bengkel\Cek
2025-04-29 16:20:43,395 INFO: Gambar kue (375)_ori_checked.jpg telah dicek dan disimpan di C:\AI\kue\Dataset_workshop\bengkel\Cek
2025-04-29 16:20:43,421 INFO: Gambar kue (376)_aug_1_checked.jpg telah dicek dan disimpan di C:\AI\kue\Dataset_workshop\bengkel\Cek
2025-04-29 16:20:43,455 INFO: Gambar kue (376)_aug_2_checked.jpg telah dicek dan disimpan di C:\AI\kue\Dataset_workshop\bengkel\Cek
2025-04-29 16:20:43,479 INFO: Gambar kue (376)_aug_3_checked.jpg telah dicek dan disimpan di C:\AI\kue\Dataset_workshop\bengkel\Cek
2025-04-29 16:20:43,499 INFO: Gambar kue (376)_aug_4_checked.jpg telah dicek dan disimpan di C:\AI\kue\Dataset_workshop\bengkel\Cek
2025-04-29 16:20:43,523 INFO: Gambar kue (376)_aug_5_checked.jpg telah dicek dan disimpan di C:\AI\kue\Dataset_workshop\bengkel\Cek
2025-04-29 16:20:43,553 INFO: Gambar kue (376)_ori_checked.jpg telah dicek dan disimpan di C:\AI\kue\Dataset_workshop\bengkel\Cek
2025-04-29 16:20:43,584 INFO: Gambar kue (377)_aug_1_checked.jpg telah dicek dan disimpan di C:\AI\kue\Dataset_workshop\bengkel\Cek
2025-04-29 16:20:43,607 INFO: Gambar kue (377)_aug_2_checked.jpg telah dicek dan disimpan di C:\AI\kue\Dataset_workshop\bengkel\Cek
2025-04-29 16:20:43,636 INFO: Gambar kue (377)_aug_3_checked.jpg telah dicek dan disimpan di C:\AI\kue\Dataset_workshop\bengkel\Cek
2025-04-29 16:20:43,662 INFO: Gambar kue (377)_aug_4_checked.jpg telah dicek dan disimpan di C:\AI\kue\Dataset_workshop\bengkel\Cek
2025-04-29 16:20:43,694 INFO: Gambar kue (377)_aug_5_checked.jpg telah dicek dan disimpan di C:\AI\kue\Dataset_workshop\bengkel\Cek
2025-04-29 16:20:43,727 INFO: Gambar kue (377)_ori_checked.jpg telah dicek dan disimpan di C:\AI\kue\Dataset_workshop\bengkel\Cek
2025-04-29 16:20:43,756 INFO: Gambar kue (378)_aug_1_checked.jpg telah dicek dan disimpan di C:\AI\kue\Dataset_workshop\bengkel\Cek
2025-04-29 16:20:43,785 INFO: Gambar kue (378)_aug_2_checked.jpg telah dicek dan disimpan di C:\AI\kue\Dataset_workshop\bengkel\Cek
2025-04-29 16:20:43,813 INFO: Gambar kue (378)_aug_3_checked.jpg telah dicek dan disimpan di C:\AI\kue\Dataset_workshop\bengkel\Cek
2025-04-29 16:20:43,843 INFO: Gambar kue (378)_aug_4_checked.jpg telah dicek dan disimpan di C:\AI\kue\Dataset_workshop\bengkel\Cek
2025-04-29 16:20:43,868 INFO: Gambar kue (378)_aug_5_checked.jpg telah dicek dan disimpan di C:\AI\kue\Dataset_workshop\bengkel\Cek
2025-04-29 16:20:43,907 INFO: Gambar kue (378)_ori_checked.jpg telah dicek dan disimpan di C:\AI\kue\Dataset_workshop\bengkel\Cek
2025-04-29 16:20:43,933 INFO: Gambar kue (379)_aug_1_checked.jpg telah dicek dan disimpan di C:\AI\kue\Dataset_workshop\bengkel\Cek
2025-04-29 16:20:43,960 INFO: Gambar kue (379)_aug_2_checked.jpg telah dicek dan disimpan di C:\AI\kue\Dataset_workshop\bengkel\Cek
2025-04-29 16:20:43,991 INFO: Gambar kue (379)_aug_3_checked.jpg telah dicek dan disimpan di C:\AI\kue\Dataset_workshop\bengkel\Cek
2025-04-29 16:20:44,021 INFO: Gambar kue (379)_aug_4_checked.jpg telah dicek dan disimpan di C:\AI\kue\Dataset_workshop\bengkel\Cek
2025-04-29 16:20:44,042 INFO: Gambar kue (379)_aug_5_checked.jpg telah dicek dan disimpan di C:\AI\kue\Dataset_workshop\bengkel\Cek
2025-04-29 16:20:44,079 INFO: Gambar kue (379)_ori_checked.jpg telah dicek dan disimpan di C:\AI\kue\Dataset_workshop\bengkel\Cek
2025-04-29 16:20:44,100 INFO: Gambar kue (380)_aug_1_checked.jpg telah dicek dan disimpan di C:\AI\kue\Dataset_workshop\bengkel\Cek
2025-04-29 16:20:44,122 INFO: Gambar kue (380)_aug_2_checked.jpg telah dicek dan disimpan di C:\AI\kue\Dataset_workshop\bengkel\Cek
2025-04-29 16:20:44,150 INFO: Gambar kue (380)_aug_3_checked.jpg telah dicek dan disimpan di C:\AI\kue\Dataset_workshop\bengkel\Cek
2025-04-29 16:20:44,181 INFO: Gambar kue (380)_aug_4_checked.jpg telah dicek dan disimpan di C:\AI\kue\Dataset_workshop\bengkel\Cek
2025-04-29 16:20:44,214 INFO: Gambar kue (380)_aug_5_checked.jpg telah dicek dan disimpan di C:\AI\kue\Dataset_workshop\bengkel\Cek
2025-04-29 16:20:44,252 INFO: Gambar kue (380)_ori_checked.jpg telah dicek dan disimpan di C:\AI\kue\Dataset_workshop\bengkel\Cek
2025-04-29 16:20:44,279 INFO: Gambar kue (381)_aug_1_checked.jpg telah dicek dan disimpan di C:\AI\kue\Dataset_workshop\bengkel\Cek
2025-04-29 16:20:44,318 INFO: Gambar kue (381)_aug_2_checked.jpg telah dicek dan disimpan di C:\AI\kue\Dataset_workshop\bengkel\Cek
2025-04-29 16:20:44,345 INFO: Gambar kue (381)_aug_3_checked.jpg telah dicek dan disimpan di C:\AI\kue\Dataset_workshop\bengkel\Cek
2025-04-29 16:20:44,371 INFO: Gambar kue (381)_aug_4_checked.jpg telah dicek dan disimpan di C:\AI\kue\Dataset_workshop\bengkel\Cek
2025-04-29 16:20:44,404 INFO: Gambar kue (381)_aug_5_checked.jpg telah dicek dan disimpan di C:\AI\kue\Dataset_workshop\bengkel\Cek
2025-04-29 16:20:44,437 INFO: Gambar kue (381)_ori_checked.jpg telah dicek dan disimpan di C:\AI\kue\Dataset_workshop\bengkel\Cek
2025-04-29 16:20:44,471 INFO: Gambar kue (382)_aug_1_checked.jpg telah dicek dan disimpan di C:\AI\kue\Dataset_workshop\bengkel\Cek
2025-04-29 16:20:44,500 INFO: Gambar kue (382)_aug_2_checked.jpg telah dicek dan disimpan di C:\AI\kue\Dataset_workshop\bengkel\Cek
2025-04-29 16:20:44,530 INFO: Gambar kue (382)_aug_3_checked.jpg telah dicek dan disimpan di C:\AI\kue\Dataset_workshop\bengkel\Cek
2025-04-29 16:20:44,561 INFO: Gambar kue (382)_aug_4_checked.jpg telah dicek dan disimpan di C:\AI\kue\Dataset_workshop\bengkel\Cek
2025-04-29 16:20:44,587 INFO: Gambar kue (382)_aug_5_checked.jpg telah dicek dan disimpan di C:\AI\kue\Dataset_workshop\bengkel\Cek
2025-04-29 16:20:44,626 INFO: Gambar kue (382)_ori_checked.jpg telah dicek dan disimpan di C:\AI\kue\Dataset_workshop\bengkel\Cek
2025-04-29 16:20:44,656 INFO: Gambar kue (383)_aug_1_checked.jpg telah dicek dan disimpan di C:\AI\kue\Dataset_workshop\bengkel\Cek
2025-04-29 16:20:44,688 INFO: Gambar kue (383)_aug_2_checked.jpg telah dicek dan disimpan di C:\AI\kue\Dataset_workshop\bengkel\Cek
2025-04-29 16:20:44,719 INFO: Gambar kue (383)_aug_3_checked.jpg telah dicek dan disimpan di C:\AI\kue\Dataset_workshop\bengkel\Cek
2025-04-29 16:20:44,745 INFO: Gambar kue (383)_aug_4_checked.jpg telah dicek dan disimpan di C:\AI\kue\Dataset_workshop\bengkel\Cek
2025-04-29 16:20:44,766 INFO: Gambar kue (383)_aug_5_checked.jpg telah dicek dan disimpan di C:\AI\kue\Dataset_workshop\bengkel\Cek
2025-04-29 16:20:44,801 INFO: Gambar kue (383)_ori_checked.jpg telah dicek dan disimpan di C:\AI\kue\Dataset_workshop\bengkel\Cek
2025-04-29 16:20:44,828 INFO: Gambar kue (384)_aug_1_checked.jpg telah dicek dan disimpan di C:\AI\kue\Dataset_workshop\bengkel\Cek
2025-04-29 16:20:44,860 INFO: Gambar kue (384)_aug_2_checked.jpg telah dicek dan disimpan di C:\AI\kue\Dataset_workshop\bengkel\Cek
2025-04-29 16:20:44,886 INFO: Gambar kue (384)_aug_3_checked.jpg telah dicek dan disimpan di C:\AI\kue\Dataset_workshop\bengkel\Cek
2025-04-29 16:20:44,914 INFO: Gambar kue (384)_aug_4_checked.jpg telah dicek dan disimpan di C:\AI\kue\Dataset_workshop\bengkel\Cek
2025-04-29 16:20:44,942 INFO: Gambar kue (384)_aug_5_checked.jpg telah dicek dan disimpan di C:\AI\kue\Dataset_workshop\bengkel\Cek
2025-04-29 16:20:44,978 INFO: Gambar kue (384)_ori_checked.jpg telah dicek dan disimpan di C:\AI\kue\Dataset_workshop\bengkel\Cek
2025-04-29 16:20:45,004 INFO: Gambar kue (385)_aug_1_checked.jpg telah dicek dan disimpan di C:\AI\kue\Dataset_workshop\bengkel\Cek
2025-04-29 16:20:45,033 INFO: Gambar kue (385)_aug_2_checked.jpg telah dicek dan disimpan di C:\AI\kue\Dataset_workshop\bengkel\Cek
2025-04-29 16:20:45,060 INFO: Gambar kue (385)_aug_3_checked.jpg telah dicek dan disimpan di C:\AI\kue\Dataset_workshop\bengkel\Cek
2025-04-29 16:20:45,093 INFO: Gambar kue (385)_aug_4_checked.jpg telah dicek dan disimpan di C:\AI\kue\Dataset_workshop\bengkel\Cek
2025-04-29 16:20:45,120 INFO: Gambar kue (385)_aug_5_checked.jpg telah dicek dan disimpan di C:\AI\kue\Dataset_workshop\bengkel\Cek
2025-04-29 16:20:45,154 INFO: Gambar kue (385)_ori_checked.jpg telah dicek dan disimpan di C:\AI\kue\Dataset_workshop\bengkel\Cek
2025-04-29 16:20:45,182 INFO: Gambar kue (386)_aug_1_checked.jpg telah dicek dan disimpan di C:\AI\kue\Dataset_workshop\bengkel\Cek
2025-04-29 16:20:45,208 INFO: Gambar kue (386)_aug_2_checked.jpg telah dicek dan disimpan di C:\AI\kue\Dataset_workshop\bengkel\Cek
2025-04-29 16:20:45,231 INFO: Gambar kue (386)_aug_3_checked.jpg telah dicek dan disimpan di C:\AI\kue\Dataset_workshop\bengkel\Cek
2025-04-29 16:20:45,256 INFO: Gambar kue (386)_aug_4_checked.jpg telah dicek dan disimpan di C:\AI\kue\Dataset_workshop\bengkel\Cek
2025-04-29 16:20:45,279 INFO: Gambar kue (386)_aug_5_checked.jpg telah dicek dan disimpan di C:\AI\kue\Dataset_workshop\bengkel\Cek
2025-04-29 16:20:45,315 INFO: Gambar kue (386)_ori_checked.jpg telah dicek dan disimpan di C:\AI\kue\Dataset_workshop\bengkel\Cek
2025-04-29 16:20:45,344 INFO: Gambar kue (387)_aug_1_checked.jpg telah dicek dan disimpan di C:\AI\kue\Dataset_workshop\bengkel\Cek
2025-04-29 16:20:45,379 INFO: Gambar kue (387)_aug_2_checked.jpg telah dicek dan disimpan di C:\AI\kue\Dataset_workshop\bengkel\Cek
2025-04-29 16:20:45,407 INFO: Gambar kue (387)_aug_3_checked.jpg telah dicek dan disimpan di C:\AI\kue\Dataset_workshop\bengkel\Cek
2025-04-29 16:20:45,433 INFO: Gambar kue (387)_aug_4_checked.jpg telah dicek dan disimpan di C:\AI\kue\Dataset_workshop\bengkel\Cek
2025-04-29 16:20:45,460 INFO: Gambar kue (387)_aug_5_checked.jpg telah dicek dan disimpan di C:\AI\kue\Dataset_workshop\bengkel\Cek
2025-04-29 16:20:45,492 INFO: Gambar kue (387)_ori_checked.jpg telah dicek dan disimpan di C:\AI\kue\Dataset_workshop\bengkel\Cek
2025-04-29 16:20:45,521 INFO: Gambar kue (388)_aug_1_checked.jpg telah dicek dan disimpan di C:\AI\kue\Dataset_workshop\bengkel\Cek
2025-04-29 16:20:45,553 INFO: Gambar kue (388)_aug_2_checked.jpg telah dicek dan disimpan di C:\AI\kue\Dataset_workshop\bengkel\Cek
2025-04-29 16:20:45,582 INFO: Gambar kue (388)_aug_3_checked.jpg telah dicek dan disimpan di C:\AI\kue\Dataset_workshop\bengkel\Cek
2025-04-29 16:20:45,614 INFO: Gambar kue (388)_aug_4_checked.jpg telah dicek dan disimpan di C:\AI\kue\Dataset_workshop\bengkel\Cek
2025-04-29 16:20:45,655 INFO: Gambar kue (388)_aug_5_checked.jpg telah dicek dan disimpan di C:\AI\kue\Dataset_workshop\bengkel\Cek
2025-04-29 16:20:45,698 INFO: Gambar kue (388)_ori_checked.jpg telah dicek dan disimpan di C:\AI\kue\Dataset_workshop\bengkel\Cek
2025-04-29 16:20:45,723 INFO: Gambar kue (389)_aug_1_checked.jpg telah dicek dan disimpan di C:\AI\kue\Dataset_workshop\bengkel\Cek
2025-04-29 16:20:45,748 INFO: Gambar kue (389)_aug_2_checked.jpg telah dicek dan disimpan di C:\AI\kue\Dataset_workshop\bengkel\Cek
2025-04-29 16:20:45,777 INFO: Gambar kue (389)_aug_3_checked.jpg telah dicek dan disimpan di C:\AI\kue\Dataset_workshop\bengkel\Cek
2025-04-29 16:20:45,809 INFO: Gambar kue (389)_aug_4_checked.jpg telah dicek dan disimpan di C:\AI\kue\Dataset_workshop\bengkel\Cek
2025-04-29 16:20:45,843 INFO: Gambar kue (389)_aug_5_checked.jpg telah dicek dan disimpan di C:\AI\kue\Dataset_workshop\bengkel\Cek
2025-04-29 16:20:45,877 INFO: Gambar kue (389)_ori_checked.jpg telah dicek dan disimpan di C:\AI\kue\Dataset_workshop\bengkel\Cek
2025-04-29 16:20:45,911 INFO: Gambar kue (390)_aug_1_checked.jpg telah dicek dan disimpan di C:\AI\kue\Dataset_workshop\bengkel\Cek
2025-04-29 16:20:45,942 INFO: Gambar kue (390)_aug_2_checked.jpg telah dicek dan disimpan di C:\AI\kue\Dataset_workshop\bengkel\Cek
2025-04-29 16:20:45,979 INFO: Gambar kue (390)_aug_3_checked.jpg telah dicek dan disimpan di C:\AI\kue\Dataset_workshop\bengkel\Cek
2025-04-29 16:20:46,007 INFO: Gambar kue (390)_aug_4_checked.jpg telah dicek dan disimpan di C:\AI\kue\Dataset_workshop\bengkel\Cek
2025-04-29 16:20:46,033 INFO: Gambar kue (390)_aug_5_checked.jpg telah dicek dan disimpan di C:\AI\kue\Dataset_workshop\bengkel\Cek
2025-04-29 16:20:46,063 INFO: Gambar kue (390)_ori_checked.jpg telah dicek dan disimpan di C:\AI\kue\Dataset_workshop\bengkel\Cek
2025-04-29 16:20:46,091 INFO: Gambar kue (391)_aug_1_checked.jpg telah dicek dan disimpan di C:\AI\kue\Dataset_workshop\bengkel\Cek
2025-04-29 16:20:46,121 INFO: Gambar kue (391)_aug_2_checked.jpg telah dicek dan disimpan di C:\AI\kue\Dataset_workshop\bengkel\Cek
2025-04-29 16:20:46,152 INFO: Gambar kue (391)_aug_3_checked.jpg telah dicek dan disimpan di C:\AI\kue\Dataset_workshop\bengkel\Cek
2025-04-29 16:20:46,177 INFO: Gambar kue (391)_aug_4_checked.jpg telah dicek dan disimpan di C:\AI\kue\Dataset_workshop\bengkel\Cek
2025-04-29 16:20:46,200 INFO: Gambar kue (391)_aug_5_checked.jpg telah dicek dan disimpan di C:\AI\kue\Dataset_workshop\bengkel\Cek
2025-04-29 16:20:46,224 INFO: Gambar kue (391)_ori_checked.jpg telah dicek dan disimpan di C:\AI\kue\Dataset_workshop\bengkel\Cek
2025-04-29 16:20:46,245 INFO: Gambar kue (392)_aug_1_checked.jpg telah dicek dan disimpan di C:\AI\kue\Dataset_workshop\bengkel\Cek
2025-04-29 16:20:46,268 INFO: Gambar kue (392)_aug_2_checked.jpg telah dicek dan disimpan di C:\AI\kue\Dataset_workshop\bengkel\Cek
2025-04-29 16:20:46,289 INFO: Gambar kue (392)_aug_3_checked.jpg telah dicek dan disimpan di C:\AI\kue\Dataset_workshop\bengkel\Cek
2025-04-29 16:20:46,309 INFO: Gambar kue (392)_aug_4_checked.jpg telah dicek dan disimpan di C:\AI\kue\Dataset_workshop\bengkel\Cek
2025-04-29 16:20:46,330 INFO: Gambar kue (392)_aug_5_checked.jpg telah dicek dan disimpan di C:\AI\kue\Dataset_workshop\bengkel\Cek
2025-04-29 16:20:46,365 INFO: Gambar kue (392)_ori_checked.jpg telah dicek dan disimpan di C:\AI\kue\Dataset_workshop\bengkel\Cek
2025-04-29 16:20:46,389 INFO: Gambar kue (393)_aug_1_checked.jpg telah dicek dan disimpan di C:\AI\kue\Dataset_workshop\bengkel\Cek
2025-04-29 16:20:46,408 INFO: Gambar kue (393)_aug_2_checked.jpg telah dicek dan disimpan di C:\AI\kue\Dataset_workshop\bengkel\Cek
2025-04-29 16:20:46,432 INFO: Gambar kue (393)_aug_3_checked.jpg telah dicek dan disimpan di C:\AI\kue\Dataset_workshop\bengkel\Cek
2025-04-29 16:20:46,453 INFO: Gambar kue (393)_aug_4_checked.jpg telah dicek dan disimpan di C:\AI\kue\Dataset_workshop\bengkel\Cek
2025-04-29 16:20:46,474 INFO: Gambar kue (393)_aug_5_checked.jpg telah dicek dan disimpan di C:\AI\kue\Dataset_workshop\bengkel\Cek
2025-04-29 16:20:46,506 INFO: Gambar kue (393)_ori_checked.jpg telah dicek dan disimpan di C:\AI\kue\Dataset_workshop\bengkel\Cek
2025-04-29 16:20:46,533 INFO: Gambar kue (394)_aug_1_checked.jpg telah dicek dan disimpan di C:\AI\kue\Dataset_workshop\bengkel\Cek
2025-04-29 16:20:46,564 INFO: Gambar kue (394)_aug_2_checked.jpg telah dicek dan disimpan di C:\AI\kue\Dataset_workshop\bengkel\Cek
2025-04-29 16:20:46,601 INFO: Gambar kue (394)_aug_3_checked.jpg telah dicek dan disimpan di C:\AI\kue\Dataset_workshop\bengkel\Cek
2025-04-29 16:20:46,627 INFO: Gambar kue (394)_aug_4_checked.jpg telah dicek dan disimpan di C:\AI\kue\Dataset_workshop\bengkel\Cek
2025-04-29 16:20:46,661 INFO: Gambar kue (394)_aug_5_checked.jpg telah dicek dan disimpan di C:\AI\kue\Dataset_workshop\bengkel\Cek
2025-04-29 16:20:46,696 INFO: Gambar kue (394)_ori_checked.jpg telah dicek dan disimpan di C:\AI\kue\Dataset_workshop\bengkel\Cek
2025-04-29 16:20:46,723 INFO: Gambar kue (395)_aug_1_checked.jpg telah dicek dan disimpan di C:\AI\kue\Dataset_workshop\bengkel\Cek
2025-04-29 16:20:46,753 INFO: Gambar kue (395)_aug_2_checked.jpg telah dicek dan disimpan di C:\AI\kue\Dataset_workshop\bengkel\Cek
2025-04-29 16:20:46,788 INFO: Gambar kue (395)_aug_3_checked.jpg telah dicek dan disimpan di C:\AI\kue\Dataset_workshop\bengkel\Cek
2025-04-29 16:20:46,818 INFO: Gambar kue (395)_aug_4_checked.jpg telah dicek dan disimpan di C:\AI\kue\Dataset_workshop\bengkel\Cek
2025-04-29 16:20:46,840 INFO: Gambar kue (395)_aug_5_checked.jpg telah dicek dan disimpan di C:\AI\kue\Dataset_workshop\bengkel\Cek
2025-04-29 16:20:46,874 INFO: Gambar kue (395)_ori_checked.jpg telah dicek dan disimpan di C:\AI\kue\Dataset_workshop\bengkel\Cek
2025-04-29 16:20:46,904 INFO: Gambar kue (396)_aug_1_checked.jpg telah dicek dan disimpan di C:\AI\kue\Dataset_workshop\bengkel\Cek
2025-04-29 16:20:46,930 INFO: Gambar kue (396)_aug_2_checked.jpg telah dicek dan disimpan di C:\AI\kue\Dataset_workshop\bengkel\Cek
2025-04-29 16:20:46,961 INFO: Gambar kue (396)_aug_3_checked.jpg telah dicek dan disimpan di C:\AI\kue\Dataset_workshop\bengkel\Cek
2025-04-29 16:20:46,992 INFO: Gambar kue (396)_aug_4_checked.jpg telah dicek dan disimpan di C:\AI\kue\Dataset_workshop\bengkel\Cek
2025-04-29 16:20:47,026 INFO: Gambar kue (396)_aug_5_checked.jpg telah dicek dan disimpan di C:\AI\kue\Dataset_workshop\bengkel\Cek
2025-04-29 16:20:47,058 INFO: Gambar kue (396)_ori_checked.jpg telah dicek dan disimpan di C:\AI\kue\Dataset_workshop\bengkel\Cek
2025-04-29 16:20:47,089 INFO: Gambar kue (397)_aug_1_checked.jpg telah dicek dan disimpan di C:\AI\kue\Dataset_workshop\bengkel\Cek
2025-04-29 16:20:47,112 INFO: Gambar kue (397)_aug_2_checked.jpg telah dicek dan disimpan di C:\AI\kue\Dataset_workshop\bengkel\Cek
2025-04-29 16:20:47,142 INFO: Gambar kue (397)_aug_3_checked.jpg telah dicek dan disimpan di C:\AI\kue\Dataset_workshop\bengkel\Cek
2025-04-29 16:20:47,175 INFO: Gambar kue (397)_aug_4_checked.jpg telah dicek dan disimpan di C:\AI\kue\Dataset_workshop\bengkel\Cek
2025-04-29 16:20:47,204 INFO: Gambar kue (397)_aug_5_checked.jpg telah dicek dan disimpan di C:\AI\kue\Dataset_workshop\bengkel\Cek
2025-04-29 16:20:47,238 INFO: Gambar kue (397)_ori_checked.jpg telah dicek dan disimpan di C:\AI\kue\Dataset_workshop\bengkel\Cek
2025-04-29 16:20:47,261 INFO: Gambar kue (398)_aug_1_checked.jpg telah dicek dan disimpan di C:\AI\kue\Dataset_workshop\bengkel\Cek
2025-04-29 16:20:47,283 INFO: Gambar kue (398)_aug_2_checked.jpg telah dicek dan disimpan di C:\AI\kue\Dataset_workshop\bengkel\Cek
2025-04-29 16:20:47,303 INFO: Gambar kue (398)_aug_3_checked.jpg telah dicek dan disimpan di C:\AI\kue\Dataset_workshop\bengkel\Cek
2025-04-29 16:20:47,330 INFO: Gambar kue (398)_aug_4_checked.jpg telah dicek dan disimpan di C:\AI\kue\Dataset_workshop\bengkel\Cek
2025-04-29 16:20:47,356 INFO: Gambar kue (398)_aug_5_checked.jpg telah dicek dan disimpan di C:\AI\kue\Dataset_workshop\bengkel\Cek
2025-04-29 16:20:47,393 INFO: Gambar kue (398)_ori_checked.jpg telah dicek dan disimpan di C:\AI\kue\Dataset_workshop\bengkel\Cek
2025-04-29 16:20:47,418 INFO: Gambar kue (399)_aug_1_checked.jpg telah dicek dan disimpan di C:\AI\kue\Dataset_workshop\bengkel\Cek
2025-04-29 16:20:47,441 INFO: Gambar kue (399)_aug_2_checked.jpg telah dicek dan disimpan di C:\AI\kue\Dataset_workshop\bengkel\Cek
2025-04-29 16:20:47,468 INFO: Gambar kue (399)_aug_3_checked.jpg telah dicek dan disimpan di C:\AI\kue\Dataset_workshop\bengkel\Cek
2025-04-29 16:20:47,498 INFO: Gambar kue (399)_aug_4_checked.jpg telah dicek dan disimpan di C:\AI\kue\Dataset_workshop\bengkel\Cek
2025-04-29 16:20:47,527 INFO: Gambar kue (399)_aug_5_checked.jpg telah dicek dan disimpan di C:\AI\kue\Dataset_workshop\bengkel\Cek
2025-04-29 16:20:47,558 INFO: Gambar kue (399)_ori_checked.jpg telah dicek dan disimpan di C:\AI\kue\Dataset_workshop\bengkel\Cek
2025-04-29 16:20:47,591 INFO: Gambar kue (400)_aug_1_checked.jpg telah dicek dan disimpan di C:\AI\kue\Dataset_workshop\bengkel\Cek
2025-04-29 16:20:47,619 INFO: Gambar kue (400)_aug_2_checked.jpg telah dicek dan disimpan di C:\AI\kue\Dataset_workshop\bengkel\Cek
2025-04-29 16:20:47,640 INFO: Gambar kue (400)_aug_3_checked.jpg telah dicek dan disimpan di C:\AI\kue\Dataset_workshop\bengkel\Cek
2025-04-29 16:20:47,661 INFO: Gambar kue (400)_aug_4_checked.jpg telah dicek dan disimpan di C:\AI\kue\Dataset_workshop\bengkel\Cek
2025-04-29 16:20:47,687 INFO: Gambar kue (400)_aug_5_checked.jpg telah dicek dan disimpan di C:\AI\kue\Dataset_workshop\bengkel\Cek
2025-04-29 16:20:47,720 INFO: Gambar kue (400)_ori_checked.jpg telah dicek dan disimpan di C:\AI\kue\Dataset_workshop\bengkel\Cek
2025-04-29 16:20:47,752 INFO: Gambar kue (401)_aug_1_checked.jpg telah dicek dan disimpan di C:\AI\kue\Dataset_workshop\bengkel\Cek
2025-04-29 16:20:47,775 INFO: Gambar kue (401)_aug_2_checked.jpg telah dicek dan disimpan di C:\AI\kue\Dataset_workshop\bengkel\Cek
2025-04-29 16:20:47,794 INFO: Gambar kue (401)_aug_3_checked.jpg telah dicek dan disimpan di C:\AI\kue\Dataset_workshop\bengkel\Cek
2025-04-29 16:20:47,818 INFO: Gambar kue (401)_aug_4_checked.jpg telah dicek dan disimpan di C:\AI\kue\Dataset_workshop\bengkel\Cek
2025-04-29 16:20:47,843 INFO: Gambar kue (401)_aug_5_checked.jpg telah dicek dan disimpan di C:\AI\kue\Dataset_workshop\bengkel\Cek
2025-04-29 16:20:47,886 INFO: Gambar kue (401)_ori_checked.jpg telah dicek dan disimpan di C:\AI\kue\Dataset_workshop\bengkel\Cek
2025-04-29 16:20:47,919 INFO: Gambar kue (402)_aug_1_checked.jpg telah dicek dan disimpan di C:\AI\kue\Dataset_workshop\bengkel\Cek
2025-04-29 16:20:47,946 INFO: Gambar kue (402)_aug_2_checked.jpg telah dicek dan disimpan di C:\AI\kue\Dataset_workshop\bengkel\Cek
2025-04-29 16:20:47,970 INFO: Gambar kue (402)_aug_3_checked.jpg telah dicek dan disimpan di C:\AI\kue\Dataset_workshop\bengkel\Cek
2025-04-29 16:20:47,997 INFO: Gambar kue (402)_aug_4_checked.jpg telah dicek dan disimpan di C:\AI\kue\Dataset_workshop\bengkel\Cek
2025-04-29 16:20:48,016 INFO: Gambar kue (402)_aug_5_checked.jpg telah dicek dan disimpan di C:\AI\kue\Dataset_workshop\bengkel\Cek
2025-04-29 16:20:48,054 INFO: Gambar kue (402)_ori_checked.jpg telah dicek dan disimpan di C:\AI\kue\Dataset_workshop\bengkel\Cek
2025-04-29 16:20:48,084 INFO: Gambar kue (403)_aug_1_checked.jpg telah dicek dan disimpan di C:\AI\kue\Dataset_workshop\bengkel\Cek
2025-04-29 16:20:48,109 INFO: Gambar kue (403)_aug_2_checked.jpg telah dicek dan disimpan di C:\AI\kue\Dataset_workshop\bengkel\Cek
2025-04-29 16:20:48,136 INFO: Gambar kue (403)_aug_3_checked.jpg telah dicek dan disimpan di C:\AI\kue\Dataset_workshop\bengkel\Cek
2025-04-29 16:20:48,154 INFO: Gambar kue (403)_aug_4_checked.jpg telah dicek dan disimpan di C:\AI\kue\Dataset_workshop\bengkel\Cek
2025-04-29 16:20:48,188 INFO: Gambar kue (403)_aug_5_checked.jpg telah dicek dan disimpan di C:\AI\kue\Dataset_workshop\bengkel\Cek
2025-04-29 16:20:48,219 INFO: Gambar kue (403)_ori_checked.jpg telah dicek dan disimpan di C:\AI\kue\Dataset_workshop\bengkel\Cek
2025-04-29 16:20:48,251 INFO: Gambar kue (404)_aug_1_checked.jpg telah dicek dan disimpan di C:\AI\kue\Dataset_workshop\bengkel\Cek
2025-04-29 16:20:48,287 INFO: Gambar kue (404)_aug_2_checked.jpg telah dicek dan disimpan di C:\AI\kue\Dataset_workshop\bengkel\Cek
2025-04-29 16:20:48,319 INFO: Gambar kue (404)_aug_3_checked.jpg telah dicek dan disimpan di C:\AI\kue\Dataset_workshop\bengkel\Cek
2025-04-29 16:20:48,350 INFO: Gambar kue (404)_aug_4_checked.jpg telah dicek dan disimpan di C:\AI\kue\Dataset_workshop\bengkel\Cek
2025-04-29 16:20:48,382 INFO: Gambar kue (404)_aug_5_checked.jpg telah dicek dan disimpan di C:\AI\kue\Dataset_workshop\bengkel\Cek
2025-04-29 16:20:48,420 INFO: Gambar kue (404)_ori_checked.jpg telah dicek dan disimpan di C:\AI\kue\Dataset_workshop\bengkel\Cek
2025-04-29 16:20:48,451 INFO: Gambar kue (405)_aug_1_checked.jpg telah dicek dan disimpan di C:\AI\kue\Dataset_workshop\bengkel\Cek
2025-04-29 16:20:48,484 INFO: Gambar kue (405)_aug_2_checked.jpg telah dicek dan disimpan di C:\AI\kue\Dataset_workshop\bengkel\Cek
2025-04-29 16:20:48,510 INFO: Gambar kue (405)_aug_3_checked.jpg telah dicek dan disimpan di C:\AI\kue\Dataset_workshop\bengkel\Cek
2025-04-29 16:20:48,539 INFO: Gambar kue (405)_aug_4_checked.jpg telah dicek dan disimpan di C:\AI\kue\Dataset_workshop\bengkel\Cek
2025-04-29 16:20:48,567 INFO: Gambar kue (405)_aug_5_checked.jpg telah dicek dan disimpan di C:\AI\kue\Dataset_workshop\bengkel\Cek
2025-04-29 16:20:48,605 INFO: Gambar kue (405)_ori_checked.jpg telah dicek dan disimpan di C:\AI\kue\Dataset_workshop\bengkel\Cek
2025-04-29 16:20:48,632 INFO: Gambar kue (406)_aug_1_checked.jpg telah dicek dan disimpan di C:\AI\kue\Dataset_workshop\bengkel\Cek
2025-04-29 16:20:48,663 INFO: Gambar kue (406)_aug_2_checked.jpg telah dicek dan disimpan di C:\AI\kue\Dataset_workshop\bengkel\Cek
2025-04-29 16:20:48,697 INFO: Gambar kue (406)_aug_3_checked.jpg telah dicek dan disimpan di C:\AI\kue\Dataset_workshop\bengkel\Cek
2025-04-29 16:20:48,723 INFO: Gambar kue (406)_aug_4_checked.jpg telah dicek dan disimpan di C:\AI\kue\Dataset_workshop\bengkel\Cek
2025-04-29 16:20:48,746 INFO: Gambar kue (406)_aug_5_checked.jpg telah dicek dan disimpan di C:\AI\kue\Dataset_workshop\bengkel\Cek
2025-04-29 16:20:48,777 INFO: Gambar kue (406)_ori_checked.jpg telah dicek dan disimpan di C:\AI\kue\Dataset_workshop\bengkel\Cek
2025-04-29 16:20:48,794 INFO: Gambar kue (407)_aug_1_checked.jpg telah dicek dan disimpan di C:\AI\kue\Dataset_workshop\bengkel\Cek
2025-04-29 16:20:48,817 INFO: Gambar kue (407)_aug_2_checked.jpg telah dicek dan disimpan di C:\AI\kue\Dataset_workshop\bengkel\Cek
2025-04-29 16:20:48,847 INFO: Gambar kue (407)_aug_3_checked.jpg telah dicek dan disimpan di C:\AI\kue\Dataset_workshop\bengkel\Cek
2025-04-29 16:20:48,882 INFO: Gambar kue (407)_aug_4_checked.jpg telah dicek dan disimpan di C:\AI\kue\Dataset_workshop\bengkel\Cek
2025-04-29 16:20:48,902 INFO: Gambar kue (407)_aug_5_checked.jpg telah dicek dan disimpan di C:\AI\kue\Dataset_workshop\bengkel\Cek
2025-04-29 16:20:48,932 INFO: Gambar kue (407)_ori_checked.jpg telah dicek dan disimpan di C:\AI\kue\Dataset_workshop\bengkel\Cek
2025-04-29 16:20:48,967 INFO: Gambar kue (408)_aug_1_checked.jpg telah dicek dan disimpan di C:\AI\kue\Dataset_workshop\bengkel\Cek
2025-04-29 16:20:48,993 INFO: Gambar kue (408)_aug_2_checked.jpg telah dicek dan disimpan di C:\AI\kue\Dataset_workshop\bengkel\Cek
2025-04-29 16:20:49,014 INFO: Gambar kue (408)_aug_3_checked.jpg telah dicek dan disimpan di C:\AI\kue\Dataset_workshop\bengkel\Cek
2025-04-29 16:20:49,043 INFO: Gambar kue (408)_aug_4_checked.jpg telah dicek dan disimpan di C:\AI\kue\Dataset_workshop\bengkel\Cek
2025-04-29 16:20:49,069 INFO: Gambar kue (408)_aug_5_checked.jpg telah dicek dan disimpan di C:\AI\kue\Dataset_workshop\bengkel\Cek
2025-04-29 16:20:49,113 INFO: Gambar kue (408)_ori_checked.jpg telah dicek dan disimpan di C:\AI\kue\Dataset_workshop\bengkel\Cek
2025-04-29 16:20:49,144 INFO: Gambar kue (409)_aug_1_checked.jpg telah dicek dan disimpan di C:\AI\kue\Dataset_workshop\bengkel\Cek
2025-04-29 16:20:49,174 INFO: Gambar kue (409)_aug_2_checked.jpg telah dicek dan disimpan di C:\AI\kue\Dataset_workshop\bengkel\Cek
2025-04-29 16:20:49,204 INFO: Gambar kue (409)_aug_3_checked.jpg telah dicek dan disimpan di C:\AI\kue\Dataset_workshop\bengkel\Cek
2025-04-29 16:20:49,231 INFO: Gambar kue (409)_aug_4_checked.jpg telah dicek dan disimpan di C:\AI\kue\Dataset_workshop\bengkel\Cek
2025-04-29 16:20:49,253 INFO: Gambar kue (409)_aug_5_checked.jpg telah dicek dan disimpan di C:\AI\kue\Dataset_workshop\bengkel\Cek
2025-04-29 16:20:49,283 INFO: Gambar kue (409)_ori_checked.jpg telah dicek dan disimpan di C:\AI\kue\Dataset_workshop\bengkel\Cek
2025-04-29 16:20:49,316 INFO: Gambar kue (410)_aug_1_checked.jpg telah dicek dan disimpan di C:\AI\kue\Dataset_workshop\bengkel\Cek
2025-04-29 16:20:49,349 INFO: Gambar kue (410)_aug_2_checked.jpg telah dicek dan disimpan di C:\AI\kue\Dataset_workshop\bengkel\Cek
2025-04-29 16:20:49,371 INFO: Gambar kue (410)_aug_3_checked.jpg telah dicek dan disimpan di C:\AI\kue\Dataset_workshop\bengkel\Cek
2025-04-29 16:20:49,398 INFO: Gambar kue (410)_aug_4_checked.jpg telah dicek dan disimpan di C:\AI\kue\Dataset_workshop\bengkel\Cek
2025-04-29 16:20:49,429 INFO: Gambar kue (410)_aug_5_checked.jpg telah dicek dan disimpan di C:\AI\kue\Dataset_workshop\bengkel\Cek
2025-04-29 16:20:49,461 INFO: Gambar kue (410)_ori_checked.jpg telah dicek dan disimpan di C:\AI\kue\Dataset_workshop\bengkel\Cek
2025-04-29 16:20:49,492 INFO: Gambar kue (411)_aug_1_checked.jpg telah dicek dan disimpan di C:\AI\kue\Dataset_workshop\bengkel\Cek
2025-04-29 16:20:49,519 INFO: Gambar kue (411)_aug_2_checked.jpg telah dicek dan disimpan di C:\AI\kue\Dataset_workshop\bengkel\Cek
2025-04-29 16:20:49,549 INFO: Gambar kue (411)_aug_3_checked.jpg telah dicek dan disimpan di C:\AI\kue\Dataset_workshop\bengkel\Cek
2025-04-29 16:20:49,570 INFO: Gambar kue (411)_aug_4_checked.jpg telah dicek dan disimpan di C:\AI\kue\Dataset_workshop\bengkel\Cek
2025-04-29 16:20:49,592 INFO: Gambar kue (411)_aug_5_checked.jpg telah dicek dan disimpan di C:\AI\kue\Dataset_workshop\bengkel\Cek
2025-04-29 16:20:49,625 INFO: Gambar kue (411)_ori_checked.jpg telah dicek dan disimpan di C:\AI\kue\Dataset_workshop\bengkel\Cek
2025-04-29 16:20:49,627 WARNING: Proses pengecekan selesai!
